../Core/Src/main.c:90:5:main	8	static
../Core/Src/main.c:161:6:SystemClock_Config	88	static
../Core/Src/main.c:207:13:MX_I2C1_Init	8	static
../Core/Src/main.c:241:13:MX_TIM1_Init	32	static
../Core/Src/main.c:287:13:MX_USART2_UART_Init	8	static
../Core/Src/main.c:320:13:MX_GPIO_Init	40	static
../Core/Src/main.c:352:6:ergometer_stroke	24	static
../Core/Src/main.c:382:6:params_received	16	static
../Core/Src/main.c:391:6:angular_velocity_received	16	static
../Core/Src/main.c:398:6:HAL_GPIO_EXTI_Callback	16	static
../Core/Src/main.c:416:6:Error_Handler	4	static,ignoring_inline_asm
