../Core/Src/main.c:88:5:main	8	static
../Core/Src/main.c:155:6:SystemClock_Config	88	static
../Core/Src/main.c:201:13:MX_I2C1_Init	8	static
../Core/Src/main.c:235:13:MX_TIM1_Init	32	static
../Core/Src/main.c:281:13:MX_USART2_UART_Init	8	static
../Core/Src/main.c:314:13:MX_GPIO_Init	40	static
../Core/Src/main.c:346:6:ergometer_stroke	16	static
../Core/Src/main.c:361:6:params_received	16	static
../Core/Src/main.c:370:6:HAL_GPIO_EXTI_Callback	16	static
../Core/Src/main.c:384:6:Error_Handler	4	static,ignoring_inline_asm
